Microchip MPLAB XC8 Compiler V1.34 ()

Linker command line:

--edf=C:\Program Files (x86)\Microchip\xc8\v1.34\dat\en_msgs.txt -cs \
  -h+dist/default/production\CPU_Power_Supply_Mod.X.production.sym \
  --cmf=dist/default/production\CPU_Power_Supply_Mod.X.production.cmf -z \
  -Q18F1220 -oC:\Users\OPTIPL~1\AppData\Local\Temp\s5ss.6 \
  -Mdist/default/production/CPU_Power_Supply_Mod.X.production.map -E1 \
  -ver=XC8 -ASTACK=0DCh-0ffh -pstack=STACK -ACODE=00h-0FFFh \
  -ACONST=00h-0FFFh -ASMALLCONST=0100h-01FFhx15 -AMEDIUMCONST=0100h-0FFFh \
  -ACOMRAM=01h-07Fh -AABS1=00h-0FFh -ABIGRAM=01h-0FFh -ARAM=080h-0FFh \
  -ABANK0=080h-0FFh -ASFR=0F80h-0FFFh \
  -preset_vec=00h,intcode,intcodelo,powerup,init,end_init -pramtop=0100h \
  -psmallconst=SMALLCONST -pmediumconst=MEDIUMCONST -pconst=CONST \
  -AFARRAM=00h-00h -ACONFIG=0300000h-030000Dh -pconfig=CONFIG \
  -AIDLOC=0200000h-0200007h -pidloc=IDLOC -AEEDATA=0F00000h-0F000FFh \
  -peeprom_data=EEDATA \
  -prdata=COMRAM,nvrram=COMRAM,nvbit=COMRAM,rbss=COMRAM,rbit=COMRAM \
  -pfarbss=FARRAM,fardata=FARRAM,nvFARRAM=FARRAM \
  -pintsave_regs=BIGRAM,bigbss=BIGRAM,bigdata=BIGRAM -pbss=RAM \
  -pidata=CODE,irdata=CODE,ibigdata=CODE,ifardata=CODE -prparam=COMRAM \
  C:\Users\OPTIPL~1\AppData\Local\Temp\s5ss.obj \
  dist/default/production\CPU_Power_Supply_Mod.X.production.obj 

Object code version is 3.11

Machine type is 18F1220

Call graph: (short form)




                Name                               Link     Load   Length Selector   Space Scale
C:\Users\OPTIPL~1\AppData\Local\Temp\s5ss.obj
                end_init                              2        2        4        0       0
                reset_vec                             0        0        2        0       0
                idloc                            200000   200000        8   200000       0
                config                           300000   300000        E   300000       0
dist/default/production\CPU_Power_Supply_Mod.X.production.obj
                smallconst                          100      100       B8       80       0
                text8                               820      820       5E       DC       0
                text7                               984      984       1E       DC       0
                text6                               9BE      9BE       1C       DC       0
                text5                               9A2      9A2       1C       DC       0
                text4                               8DA      8DA       54       DC       0
                text3                               614      614      1AA       DC       0
                text2                               95C      95C       28       DC       0
                text1                               1B8      1B8      45C       DC       0
                text0                               7BE      7BE       62       DC       0
                cstackCOMRAM                          1        1       7A        1       1
                dataBANK0                            80       80       5C       80       1
                bssCOMRAM                            7B       7B        2        1       1
                cinit                               92E      92E       2E       DC       0
                idataBANK0                          87E      87E       5C       DC       0

TOTAL           Name                               Link     Load   Length     Space
        CLASS   STACK          

        CLASS   CODE           
                end_init                              2        2        4         0
                reset_vec                             0        0        2         0
                text8                               820      820       5E         0
                text7                               984      984       1E         0
                text6                               9BE      9BE       1C         0
                text5                               9A2      9A2       1C         0
                text4                               8DA      8DA       54         0
                text3                               614      614      1AA         0
                text2                               95C      95C       28         0
                text1                               1B8      1B8      45C         0
                text0                               7BE      7BE       62         0
                cinit                               92E      92E       2E         0
                idataBANK0                          87E      87E       5C         0

        CLASS   CONST          

        CLASS   SMALLCONST     
                smallconst                          100      100       B8         0

        CLASS   MEDIUMCONST    

        CLASS   COMRAM         
                cstackCOMRAM                          1        1       7A         1
                bssCOMRAM                            7B       7B        2         1

        CLASS   ABS1           

        CLASS   BIGRAM         

        CLASS   RAM            

        CLASS   BANK0          
                dataBANK0                            80       80       5C         1

        CLASS   SFR            

        CLASS   FARRAM         

        CLASS   CONFIG         
                config                           300000   300000        E         0

        CLASS   IDLOC          
                idloc                            200000   200000        8         0

        CLASS   EEDATA         



SEGMENTS        Name                           Load    Length   Top    Selector   Space  Class

                reset_vec                      000000  000006  000006         0       0  CODE    
                cstackCOMRAM                   000001  00007C  00007D         1       1  COMRAM  
                dataBANK0                      000080  00005C  0000DC        80       1  BANK0   
                smallconst                     000100  0000B8  0001B8        80       0  SMALLCON
                text1                          0001B8  000822  0009DA        DC       0  CODE    
                idloc                          200000  000008  200008    200000       0  IDLOC   
                config                         300000  00000E  30000E    300000       0  CONFIG  


UNUSED ADDRESS RANGES

        Name                Unused          Largest block    Delta
        BANK0            0000DC-0000FF               24
        BIGRAM           00007D-00007F                3
                         0000DC-0000FF               24
        CODE             000006-0000FF               FA
                         0009DA-000FFF              626
        COMRAM           00007D-00007F                3
        CONST            000006-0000FF               FA
                         0009DA-000FFF              626
        EEDATA           F00000-F000FF              100
        MEDIUMCONST      0009DA-000FFF              626
        RAM              0000DC-0000FF               24
        SFR              000F80-000FFF               80
        SMALLCONST       0009DA-000FFF              100
        STACK            0000DC-0000FF               24

                                  Symbol Table

?___wmul                      cstackCOMRAM 000001
DefaultMenu@F2827             dataBANK0    0000D1
DefaultMenu@MenuItem          cstackCOMRAM 00006F
DefaultMenu@last              cstackCOMRAM 00006D
DefaultMenu@x                 cstackCOMRAM 000069
DefaultMenu@y                 cstackCOMRAM 00006B
LCDdata@data                  cstackCOMRAM 000002
LCDdata@x                     cstackCOMRAM 000003
LCDsetaddr@add                cstackCOMRAM 000005
LCDwrchar@letter              cstackCOMRAM 000005
LCDwrcmd@value                cstackCOMRAM 000005
LCDwrstring@string            cstackCOMRAM 000006
OptMenu@F2840                 dataBANK0    000080
OptMenu@Menu                  cstackCOMRAM 00000C
OptMenu@update                cstackCOMRAM 00000A
_ADCON1                       (abs)        000FC1
_CharacterBlink               bssCOMRAM    00007B
_DefaultMenu                  text1        0001B8
_DefaultMenu$567              cstackCOMRAM 000061
_DefaultMenu$569              cstackCOMRAM 000063
_DefaultMenu$572              cstackCOMRAM 000065
_DefaultMenu$574              cstackCOMRAM 000067
_Default_Menu_Bitmaps         smallconst   000101
_INTCONbits                   (abs)        000FF2
_LATA                         (abs)        000F89
_LATAbits                     (abs)        000F89
_LATB                         (abs)        000F8A
_LATBbits                     (abs)        000F8A
_LCDdata                      text8        000820
_LCDsetaddr                   text7        000984
_LCDwrchar                    text5        0009A2
_LCDwrcmd                     text6        0009BE
_LCDwrstring                  text4        0008DA
_OSCCONbits                   (abs)        000FD3
_OptMenu                      text3        000614
_PORTAbits                    (abs)        000F80
_RCONbits                     (abs)        000FD0
_T0CON                        (abs)        000FD5
_TMR0H                        (abs)        000FD7
_TMR0L                        (abs)        000FD6
_TRISA                        (abs)        000F92
_TRISB                        (abs)        000F93
__CFG_BOR$OFF                 (abs)        000000
__CFG_FSCM$OFF                (abs)        000000
__CFG_IESO$OFF                (abs)        000000
__CFG_LVP$OFF                 (abs)        000000
__CFG_MCLRE$ON                (abs)        000000
__CFG_OSC$INTIO2              (abs)        000000
__CFG_PWRT$ON                 (abs)        000000
__CFG_STVR$ON                 (abs)        000000
__CFG_WDT$OFF                 (abs)        000000
__HRAM                        (abs)        000000
__Habs1                       abs1         000000
__Hbank0                      bank0        000000
__Hbigbss                     bigbss       000000
__Hbigdata                    bigdata      000000
__Hbigram                     bigram       000000
__Hbss                        bss          000000
__HbssCOMRAM                  bssCOMRAM    000000
__Hcinit                      cinit        000000
__Hclrtext                    clrtext      000000
__Hcomram                     comram       000000
__Hconfig                     config       30000E
__Hconst                      const        000000
__HcstackCOMRAM               cstackCOMRAM 000000
__Hdata                       data         000000
__HdataBANK0                  dataBANK0    000000
__Heeprom_data                eeprom_data  000000
__Hend_init                   end_init     000006
__Hfarbss                     farbss       000000
__Hfardata                    fardata      000000
__Hibigdata                   ibigdata     000000
__Hidata                      idata        000000
__HidataBANK0                 idataBANK0   000000
__Hidloc                      idloc        200008
__Hifardata                   ifardata     000000
__Hinit                       init         000002
__Hintcode                    intcode      000002
__Hintcode_body               intcode_body 000000
__Hintcodelo                  intcodelo    000002
__Hintentry                   intentry     000000
__Hintret                     intret       000000
__Hintsave_regs               intsave_regs 000000
__Hirdata                     irdata       000000
__Hmediumconst                mediumconst  000000
__HnvFARRAM                   nvFARRAM     000000
__Hnvbit                      nvbit        000000
__Hnvrram                     nvrram       000000
__Hparam                      rparam       000000
__Hpowerup                    powerup      000002
__Hram                        ram          000000
__Hramtop                     ramtop       000100
__Hrbit                       rbit         000000
__Hrbss                       rbss         000000
__Hrdata                      rdata        000000
__Hreset_vec                  reset_vec    000002
__Hrparam                     rparam       000000
__Hsfr                        sfr          000000
__Hsmallconst                 smallconst   0001B8
__Hspace_0                    (abs)        30000E
__Hspace_1                    (abs)        0000DC
__Hspace_2                    (abs)        000000
__Hstack                      stack        000000
__Hstruct                     struct       000000
__Htemp                       temp         000000
__Htext                       text         000000
__Htext0                      text0        000000
__Htext1                      text1        000000
__Htext2                      text2        000000
__Htext3                      text3        000000
__Htext4                      text4        000000
__Htext5                      text5        000000
__Htext6                      text6        000000
__Htext7                      text7        000000
__Htext8                      text8        000000
__LRAM                        (abs)        000001
__Labs1                       abs1         000000
__Lbank0                      bank0        000000
__Lbigbss                     bigbss       000000
__Lbigdata                    bigdata      000000
__Lbigram                     bigram       000000
__Lbss                        bss          000000
__LbssCOMRAM                  bssCOMRAM    000000
__Lcinit                      cinit        000000
__Lclrtext                    clrtext      000000
__Lcomram                     comram       000000
__Lconfig                     config       300000
__Lconst                      const        000000
__LcstackCOMRAM               cstackCOMRAM 000000
__Ldata                       data         000000
__LdataBANK0                  dataBANK0    000000
__Leeprom_data                eeprom_data  000000
__Lend_init                   end_init     000002
__Lfarbss                     farbss       000000
__Lfardata                    fardata      000000
__Libigdata                   ibigdata     000000
__Lidata                      idata        000000
__LidataBANK0                 idataBANK0   000000
__Lidloc                      idloc        200000
__Lifardata                   ifardata     000000
__Linit                       init         000002
__Lintcode                    intcode      000002
__Lintcode_body               intcode_body 000000
__Lintcodelo                  intcodelo    000002
__Lintentry                   intentry     000000
__Lintret                     intret       000000
__Lintsave_regs               intsave_regs 000000
__Lirdata                     irdata       000000
__Lmediumconst                mediumconst  000000
__LnvFARRAM                   nvFARRAM     000000
__Lnvbit                      nvbit        000000
__Lnvrram                     nvrram       000000
__Lparam                      rparam       000000
__Lpowerup                    powerup      000002
__Lram                        ram          000000
__Lramtop                     ramtop       000100
__Lrbit                       rbit         000000
__Lrbss                       rbss         000000
__Lrdata                      rdata        000000
__Lreset_vec                  reset_vec    000000
__Lrparam                     rparam       000000
__Lsfr                        sfr          000000
__Lsmallconst                 smallconst   000100
__Lspace_0                    (abs)        000000
__Lspace_1                    (abs)        000000
__Lspace_2                    (abs)        000000
__Lstack                      stack        000000
__Lstruct                     struct       000000
__Ltemp                       temp         000000
__Ltext                       text         000000
__Ltext0                      text0        000000
__Ltext1                      text1        000000
__Ltext2                      text2        000000
__Ltext3                      text3        000000
__Ltext4                      text4        000000
__Ltext5                      text5        000000
__Ltext6                      text6        000000
__Ltext7                      text7        000000
__Ltext8                      text8        000000
__S0                          (abs)        30000E
__S1                          (abs)        0000DC
__S2                          (abs)        000000
___inthi_sp                   stack        000000
___intlo_sp                   stack        000000
___param_bank                 (abs)        000010
___rparam_used                (abs)        000001
___sp                         stack        000000
___wmul                       text2        00095C
___wmul@multiplicand          cstackCOMRAM 000003
___wmul@multiplier            cstackCOMRAM 000001
___wmul@product               cstackCOMRAM 000005
__accesstop                   (abs)        000080
__activetblptr                (abs)        000002
__end_of_DefaultMenu          text1        000614
__end_of_Default_Menu_Bitmaps smallconst   000171
__end_of_LCDdata              text8        00087E
__end_of_LCDsetaddr           text7        0009A2
__end_of_LCDwrchar            text5        0009BE
__end_of_LCDwrcmd             text6        0009DA
__end_of_LCDwrstring          text4        00092E
__end_of_OptMenu              text3        0007BE
__end_of___wmul               text2        000984
__end_of__initialization      cinit        000952
__end_of_main                 text0        000820
__initialization              cinit        00092E
__mediumconst                 mediumconst  000000
__pbssCOMRAM                  bssCOMRAM    00007B
__pcinit                      cinit        00092E
__pcstackCOMRAM               cstackCOMRAM 000001
__pdataBANK0                  dataBANK0    000080
__pidataBANK0                 idataBANK0   00087E
__psmallconst                 smallconst   000100
__ptext0                      text0        0007BE
__ptext1                      text1        0001B8
__ptext2                      text2        00095C
__ptext3                      text3        000614
__ptext4                      text4        0008DA
__ptext5                      text5        0009A2
__ptext6                      text6        0009BE
__ptext7                      text7        000984
__ptext8                      text8        000820
__ramtop                      ramtop       000100
__size_of_DefaultMenu         (abs)        000000
__size_of_LCDdata             (abs)        000000
__size_of_LCDsetaddr          (abs)        000000
__size_of_LCDwrchar           (abs)        000000
__size_of_LCDwrcmd            (abs)        000000
__size_of_LCDwrstring         (abs)        000000
__size_of_OptMenu             (abs)        000000
__size_of___wmul              (abs)        000000
__size_of_main                (abs)        000000
__smallconst                  smallconst   000100
_main                         text0        0007BE
end_of_initialization         cinit        000952
intlevel0                     text         000000
intlevel1                     text         000000
intlevel2                     text         000000
intlevel3                     text         000000
stackhi                       (abs)        0000FF
stacklo                       (abs)        0000DC
start                         init         000002
start_initialization          cinit        00092E


FUNCTION INFORMATION:

 *************** function _main *****************
 Defined at:
		line 47 in file "main.c"
 Parameters:    Size  Location     Type
		None
 Auto vars:     Size  Location     Type
		None
 Return value:  Size  Location     Type
                  2   48[None  ] int 
 Registers used:
		wreg, fsr0l, fsr0h, fsr1l, fsr1h, fsr2l, fsr2h, status,2, status,0, tblptrl, tblptrh, tblptru, prodl, prodh, cstack
 Tracked objects:
		On entry : 
		On exit  : 
		Unchanged: 
 Data sizes:     COMRAM   BANK0
      Params:         0       0
      Locals:         0       0
      Temps:          1       0
      Totals:         1       0
Total ram usage:        1 bytes
 Hardware stack levels required when called:    5
 This function calls:
		_DefaultMenu
		_LCDwrcmd
 This function is called by:
		Startup code after reset
 This function uses a non-reentrant model


 *************** function _DefaultMenu *****************
 Defined at:
		line 160 in file "main.c"
 Parameters:    Size  Location     Type
		None
 Auto vars:     Size  Location     Type
  MenuItem       11  110[COMRAM] struct MenuDisplay
  last            2  108[COMRAM] int 
  y               2  106[COMRAM] int 
  x               2  104[COMRAM] int 
 Return value:  Size  Location     Type
		None               void
 Registers used:
		wreg, fsr0l, fsr0h, fsr1l, fsr1h, fsr2l, fsr2h, status,2, status,0, tblptrl, tblptrh, tblptru, prodl, prodh, cstack
 Tracked objects:
		On entry : 
		On exit  : 
		Unchanged: 
 Data sizes:     COMRAM   BANK0
      Params:         0       0
      Locals:        25       0
      Temps:          4       0
      Totals:        29       0
Total ram usage:       29 bytes
 Hardware stack levels used:    1
 Hardware stack levels required when called:    4
 This function calls:
		_LCDsetaddr
		_LCDwrchar
		_LCDwrcmd
		_LCDwrstring
		_OptMenu
		___wmul
 This function is called by:
		_main
 This function uses a non-reentrant model


 *************** function ___wmul *****************
 Defined at:
		line 15 in file "C:\Program Files (x86)\Microchip\xc8\v1.34\sources\common\Umul16.c"
 Parameters:    Size  Location     Type
  multiplier      2    0[COMRAM] unsigned int 
  multiplicand    2    2[COMRAM] unsigned int 
 Auto vars:     Size  Location     Type
  product         2    4[COMRAM] unsigned int 
 Return value:  Size  Location     Type
                  2    0[COMRAM] unsigned int 
 Registers used:
		wreg, status,2, status,0, prodl, prodh
 Tracked objects:
		On entry : 
		On exit  : 
		Unchanged: 
 Data sizes:     COMRAM   BANK0
      Params:         4       0
      Locals:         2       0
      Temps:          0       0
      Totals:         6       0
Total ram usage:        6 bytes
 Hardware stack levels used:    1
 This function calls:
		Nothing
 This function is called by:
		_DefaultMenu
 This function uses a non-reentrant model


 *************** function _OptMenu *****************
 Defined at:
		line 301 in file "main.c"
 Parameters:    Size  Location     Type
		None
 Auto vars:     Size  Location     Type
  Menu           81   11[COMRAM] struct MenuDisplay
  update          2    9[COMRAM] int 
  y               2    0        int 
  x               2    0        int 
 Return value:  Size  Location     Type
		None               void
 Registers used:
		wreg, fsr0l, fsr0h, fsr1l, fsr1h, fsr2l, fsr2h, status,2, status,0, tblptrl, tblptrh, tblptru, prodl, prodh, cstack
 Tracked objects:
		On entry : 
		On exit  : 
		Unchanged: 
 Data sizes:     COMRAM   BANK0
      Params:         0       0
      Locals:        83       0
      Temps:          2       0
      Totals:        85       0
Total ram usage:       85 bytes
 Hardware stack levels used:    1
 Hardware stack levels required when called:    3
 This function calls:
		_LCDsetaddr
		_LCDwrchar
		_LCDwrcmd
		_LCDwrstring
 This function is called by:
		_DefaultMenu
 This function uses a non-reentrant model


 *************** function _LCDwrstring *****************
 Defined at:
		line 42 in file "Hitachi_LCD.c"
 Parameters:    Size  Location     Type
  string          2    5[COMRAM] PTR const unsigned char 
		 -> STR_13(17), STR_12(14), STR_11(3), STR_10(14), 
		 -> STR_9(3), Menu.Items(80), OptMenu@Menu(81), STR_8(5), 
		 -> STR_7(17), STR_6(17), STR_5(5), STR_4(5), 
		 -> STR_3(17), STR_2(17), STR_1(16), 
 Auto vars:     Size  Location     Type
		None
 Return value:  Size  Location     Type
		None               void
 Registers used:
		wreg, fsr0l, fsr0h, status,2, status,0, tblptrl, tblptrh, tblptru, cstack
 Tracked objects:
		On entry : 
		On exit  : 
		Unchanged: 
 Data sizes:     COMRAM   BANK0
      Params:         2       0
      Locals:         0       0
      Temps:          0       0
      Totals:         2       0
Total ram usage:        2 bytes
 Hardware stack levels used:    1
 Hardware stack levels required when called:    2
 This function calls:
		_LCDwrchar
 This function is called by:
		_DefaultMenu
		_OptMenu
		_StandbyMenu
 This function uses a non-reentrant model


 *************** function _LCDwrchar *****************
 Defined at:
		line 32 in file "Hitachi_LCD.c"
 Parameters:    Size  Location     Type
  letter          1    wreg     unsigned char 
 Auto vars:     Size  Location     Type
  letter          1    4[COMRAM] unsigned char 
 Return value:  Size  Location     Type
		None               void
 Registers used:
		wreg, status,2, status,0, cstack
 Tracked objects:
		On entry : 
		On exit  : 
		Unchanged: 
 Data sizes:     COMRAM   BANK0
      Params:         0       0
      Locals:         1       0
      Temps:          0       0
      Totals:         1       0
Total ram usage:        1 bytes
 Hardware stack levels used:    1
 Hardware stack levels required when called:    1
 This function calls:
		_LCDdata
 This function is called by:
		_DefaultMenu
		_OptMenu
		_LCDwrstring
 This function uses a non-reentrant model


 *************** function _LCDwrcmd *****************
 Defined at:
		line 50 in file "Hitachi_LCD.c"
 Parameters:    Size  Location     Type
  value           1    wreg     unsigned char 
 Auto vars:     Size  Location     Type
  value           1    4[COMRAM] unsigned char 
 Return value:  Size  Location     Type
		None               void
 Registers used:
		wreg, status,2, status,0, cstack
 Tracked objects:
		On entry : 
		On exit  : 
		Unchanged: 
 Data sizes:     COMRAM   BANK0
      Params:         0       0
      Locals:         1       0
      Temps:          0       0
      Totals:         1       0
Total ram usage:        1 bytes
 Hardware stack levels used:    1
 Hardware stack levels required when called:    1
 This function calls:
		_LCDdata
 This function is called by:
		_main
		_DefaultMenu
		_OptMenu
		_StandbyMenu
 This function uses a non-reentrant model


 *************** function _LCDsetaddr *****************
 Defined at:
		line 59 in file "Hitachi_LCD.c"
 Parameters:    Size  Location     Type
  add             1    wreg     unsigned char 
 Auto vars:     Size  Location     Type
  add             1    4[COMRAM] unsigned char 
 Return value:  Size  Location     Type
		None               void
 Registers used:
		wreg, status,2, status,0, cstack
 Tracked objects:
		On entry : 
		On exit  : 
		Unchanged: 
 Data sizes:     COMRAM   BANK0
      Params:         0       0
      Locals:         1       0
      Temps:          0       0
      Totals:         1       0
Total ram usage:        1 bytes
 Hardware stack levels used:    1
 Hardware stack levels required when called:    1
 This function calls:
		_LCDdata
 This function is called by:
		_DefaultMenu
		_OptMenu
 This function uses a non-reentrant model


 *************** function _LCDdata *****************
 Defined at:
		line 14 in file "Hitachi_LCD.c"
 Parameters:    Size  Location     Type
  data            1    wreg     unsigned char 
 Auto vars:     Size  Location     Type
  data            1    1[COMRAM] unsigned char 
  x               2    2[COMRAM] int 
 Return value:  Size  Location     Type
		None               void
 Registers used:
		wreg, status,2, status,0
 Tracked objects:
		On entry : 
		On exit  : 
		Unchanged: 
 Data sizes:     COMRAM   BANK0
      Params:         0       0
      Locals:         3       0
      Temps:          1       0
      Totals:         4       0
Total ram usage:        4 bytes
 Hardware stack levels used:    1
 This function calls:
		Nothing
 This function is called by:
		_LCDwrchar
		_LCDwrcmd
		_LCDsetaddr
 This function uses a non-reentrant model



MODULE INFORMATION

Module		Function		Class		Link	Load	Size
shared
		__initializatio		CODE           	092E	0000	37
		_Default_Menu_B		SMALLCONST     	0101	0000	113

shared estimated size: 150

Hitachi_LCD.c
		_LCDwrcmd      		CODE           	09BE	0000	29
		_LCDsetaddr    		CODE           	0984	0000	31
		_LCDdata       		CODE           	0820	0000	95
		_LCDwrstring   		CODE           	08DA	0000	85
		_LCDwrchar     		CODE           	09A2	0000	29

Hitachi_LCD.c estimated size: 269

main.c
		_main          		CODE           	07BE	0000	99
		_OptMenu       		CODE           	0614	0000	427
		_DefaultMenu   		CODE           	01B8	0000	1117

main.c estimated size: 1643

C:\Program Files (x86)\Microchip\xc8\v1.34\sources\common\Umul16.c
		___wmul        		CODE           	095C	0000	41

C:\Program Files (x86)\Microchip\xc8\v1.34\sources\common\Umul16.c estimated size: 41

